--------------------------------------------------------------------------------------
Timing Analyzer Summary
--------------------------------------------------------------------------------------

Type           : Worst-case tsu
Slack          : N/A
Required Time  : None
Actual Time    : 3.819 ns
From           : I[6]
To             : dp:inst2|reg8:51|15
From Clock     : --
To Clock       : Clock
Failed Paths   : 0

Type           : Worst-case tco
Slack          : N/A
Required Time  : None
Actual Time    : 7.012 ns
From           : cu:inst|151
To             : Halt
From Clock     : Clock
To Clock       : --
Failed Paths   : 0

Type           : Worst-case th
Slack          : N/A
Required Time  : None
Actual Time    : -2.269 ns
From           : I[3]
To             : dp:inst2|reg8:51|24
From Clock     : --
To Clock       : Clock
Failed Paths   : 0

Type           : Clock Setup: 'Clock'
Slack          : N/A
Required Time  : None
Actual Time    : 240.33 MHz ( period = 4.161 ns )
From           : dp:inst2|lpm_ram_dq:65|altram:sram|altsyncram:ram_block|altsyncram_2cf1:auto_generated|ram_block1a0~porta_address_reg4
To             : dp:inst2|reg8:51|15
From Clock     : Clock
To Clock       : Clock
Failed Paths   : 0

Type           : Total number of failed paths
Slack          : 
Required Time  : 
Actual Time    : 
From           : 
To             : 
From Clock     : 
To Clock       : 
Failed Paths   : 0

--------------------------------------------------------------------------------------

